// Vitest Snapshot v1, https://vitest.dev/guide/snapshot.html

exports[`ErrorNode > basic > getNodeDisplayFile 1`] = `
"from vellum_ee.workflows.display.nodes import BaseErrorNodeDisplay
from ...nodes.error_node import ErrorNode
from uuid import UUID
from vellum import VellumError
from vellum_ee.workflows.display.nodes.types import PortDisplayOverrides
from vellum_ee.workflows.display.vellum import NodeDisplayData, NodeDisplayPosition


class ErrorNodeDisplay(BaseErrorNodeDisplay[ErrorNode]):
    name = "error-node"
    node_id = UUID("2cd960a3-cb8a-43ed-9e3f-f003fc480951")
    label = "Error Node"
    error_output_id = UUID("69250713-617d-42a4-9326-456c70d0ef20")
    source_handle_id = UUID("e4dedb66-0638-4f0c-9941-6420bfe353b2")
    target_handle_id = UUID("370d712d-3369-424e-bcf7-f4da1aef3928")
    error_inputs_by_name = {
        "error_source_input_id": VellumError(
            message="Something went wrong!", code="USER_DEFINED_ERROR"
        )
    }
    node_input_ids_by_name = {
        "error_source_input_id": UUID("d2287fee-98fb-421c-9464-e54d8f70f046")
    }
    port_displays = {
        ErrorNode.Ports.default: PortDisplayOverrides(
            id=UUID("e4dedb66-0638-4f0c-9941-6420bfe353b2")
        )
    }
    display_data = NodeDisplayData(
        position=NodeDisplayPosition(x=0, y=0), width=None, height=None
    )
"
`;

exports[`ErrorNode > basic > getNodeFile 1`] = `
"from vellum.workflows.nodes.displayable import ErrorNode as BaseErrorNode
from vellum import VellumError


class ErrorNode(BaseErrorNode):
    error = VellumError(message="Something went wrong!", code="USER_DEFINED_ERROR")
"
`;
