// Vitest Snapshot v1, https://vitest.dev/guide/snapshot.html

exports[`NoteNode > basic > getNodeDefinition 1`] = `
{
  "bases": [
    {
      "module": [
        "vellum",
        "workflows",
        "nodes",
        "displayable",
      ],
      "name": "NoteNode",
    },
  ],
  "module": [
    "code",
    "nodes",
    "note_node",
  ],
  "name": "NoteNode",
}
`;

exports[`NoteNode > basic > getNodeDisplayFile 1`] = `
"from vellum_ee.workflows.display.nodes import BaseNoteNodeDisplay
from ...nodes.note_node import NoteNode
from vellum_ee.workflows.display.vellum import NodeDisplayData, NodeDisplayPosition


class NoteNodeDisplay(BaseNoteNodeDisplay[NoteNode]):
    text = "This is a note"
    style = {"color": "red", "fontSize": 12, "fontWeight": "bold"}
    node_input_ids_by_name = {}
    display_data = NodeDisplayData(
        position=NodeDisplayPosition(x=0, y=0), width=None, height=None
    )
"
`;

exports[`NoteNode > basic > getNodeFile 1`] = `
"from vellum.workflows.nodes.displayable import NoteNode as BaseNoteNode


class NoteNode(BaseNoteNode):
    pass
"
`;
