// Vitest Snapshot v1, https://vitest.dev/guide/snapshot.html

exports[`VellumValue > AUDIO > should write a AUDIO value correctly 1`] = `
"VellumAudio(src="https://example.com/audio.mp3")
"
`;

exports[`VellumValue > CHAT_HISTORY > should write a CHAT_HISTORY value with a string content 1`] = `"[ChatMessageRequest(role="USER", content=StringChatMessageContentRequest(value="Hello, AI!"))]"`;

exports[`VellumValue > CHAT_HISTORY > should write a CHAT_HISTORY value with just text 1`] = `"[ChatMessageRequest(role="USER", text="Hello, AI!")]"`;

exports[`VellumValue > ERROR > should write a ERROR value correctly 1`] = `
"VellumError(message="This is an error!", code="INTERNAL_SERVER_ERROR")
"
`;

exports[`VellumValue > FUNCTION_CALL > should write a FUNCTION_CALL value correctly 1`] = `
"FunctionCall(arguments={"key": "value"}, name="test", id="123")
"
`;

exports[`VellumValue > IMAGE > should write a IMAGE value correctly 1`] = `
"VellumImage(src="https://example.com/image.png")
"
`;

exports[`VellumValue > JSON > should write a JSON value correctly 1`] = `
"{"key": "value", "nested": {"array": [1, 2, 3]}}
"
`;

exports[`VellumValue > NUMBER > should write a NUMBER value correctly 1`] = `
"42
"
`;

exports[`VellumValue > SEARCH_RESULTS > should write a SEARCH_RESULTS value correctly 1`] = `
"[
    SearchResult(
        text="Hello, World!", score=0.5, keywords=["hello", "world"], document=document
    ),
    SearchResult(
        text="Hello, AI!", score=0.7, keywords=["hello", "ai"], document=document
    ),
]
"
`;

exports[`VellumValue > STRING > should write a STRING value correctly 1`] = `
""Hello, World!"
"
`;
