// Vitest Snapshot v1, https://vitest.dev/guide/snapshot.html

exports[`WorkspaceSecretPointer > should generate correct Python code 1`] = `
"VellumSecretReference("MY_SECRET")
"
`;

exports[`WorkspaceSecretPointer > should handle the the case where the workspace secret isn't yet specified 1`] = `
"None
"
`;
